// Jest Snapshot v1, https://goo.gl/fbAQLP

exports[`ReleaseItem component renders ReleaseItem 1`] = `
<Link
  to="/release/undefined/undefined"
>
  <li
    style={
      Object {
        "height": "300px",
        "margin": "5px",
        "textAlign": "center",
        "width": "300px",
      }
    }
  >
    <h3 />
    <img
      src="/src/assets/placeholder.jpg"
      style={
        Object {
          "height": "250px",
          "width": "250px",
        }
      }
    />
  </li>
</Link>
`;
