// Jest Snapshot v1, https://goo.gl/fbAQLP

exports[`SearchField component renders SearchField 1`] = `
<form
  onSubmit={[Function]}
  style={
    Object {
      "textAlign": "center",
    }
  }
>
  <label>
    Artist:
    <input
      name="searchInput"
      onChange={[Function]}
      type="text"
      value=""
    />
  </label>
  <button>
    Submit
  </button>
</form>
`;
